
> hotel-frontend@0.1.0 build
> craco build

Creating an optimized production build...
Compiled with warnings.

[eslint] 
src\components\VacancyAnalyticsPanel.js
  Line 255:8:    'buildFilterSnapshot' is assigned a value but never used  no-unused-vars
  Line 1255:10:  'InputNumberWithStep' is defined but never used           no-unused-vars

src\pages\RoomDetail.js
  Line 110:11:  'defaultEnd' is assigned a value but never used  no-unused-vars

Search for the keywords to learn more about each warning.
To ignore, add // eslint-disable-next-line to the line before.

File sizes after gzip:

  1.13 MB (+47 B)  build\static\js\main.b2fa8453.js
  42.96 kB         build\static\js\667.674efb19.chunk.js
  8.72 kB          build\static\js\213.6045f608.chunk.js
  5.92 kB          build\static\css\main.f6b4eed0.css

The bundle size is significantly larger than recommended.
Consider reducing it with code splitting: https://goo.gl/9VhYWB
You can also analyze the project dependencies: https://goo.gl/LeUzfb

The project was built assuming it is hosted at /.
You can control this with the homepage field in your package.json.

The build folder is ready to be deployed.
You may serve it with a static server:

  npm install -g serve
  serve -s build

Find out more about deployment here:

  https://cra.link/deployment

